// Jest Snapshot v1, https://goo.gl/fbAQLP

exports[`EnrollmentUpdate matches snapshot 1`] = `
<DocumentFragment>
  <div
    class="grid-container"
  >
    <a
      class="oec-directional-link"
      href="/roster/sites/1/enrollments/1/"
    >
      <svg
        class="oec-directional-link__arrow oec-directional-link__arrow--direction-left oec-directional-link__arrow--side-left"
      >
        arrowRight.svg
      </svg>
      Back to summary
    </a>
  </div>
  <div
    class="grid-container"
  >
    <h1
      class="margin-y-4"
    >
      Update family income determination for Lily Luna Potter
    </h1>
    <h2
      class="margin-bottom-1"
    >
      Family income determination
    </h2>
    <div
      class="display-flex align-center"
    >
      <h3>
        Current income determination
      </h3>
         
      <button
        class="usa-button usa-button--unstyled"
        type="button"
      >
        Add new income determination
      </button>
    </div>
    <div>
      <div
        class="oec-card"
      >
        <div
          class="oec-card-cell"
        >
          <div
            class="usa-grid"
          >
            <div
              class="grid-row"
            >
              <div
                class="grid-col"
              >
                <p>
                  Income not disclosed
                </p>
              </div>
              <div
                class="grid-col-1 flex-align-self--center"
              >
                <button
                  class="usa-button usa-button--unstyled"
                  type="button"
                >
                  Edit
                </button>
              </div>
            </div>
          </div>
        </div>
        <div
          class=""
        />
        <div
          class="oec-card-cell oec-card-expansion"
          hidden=""
        >
          <form
            autocomplete="off"
            class="FamilyIncomeForm"
            novalidate=""
          >
            <div
              class="usa-form"
            >
              <p
                class="text-bold font-sans-lg margin-top-2"
              >
                Edit family income determination
              </p>
              <div
                class="usa-form-group margin-top-3"
              >
                <div
                  class="margin-top-3"
                />
                <div
                  class="usa-checkbox undefined"
                >
                  <input
                    checked=""
                    class="usa-checkbox__input"
                    id="family-income-disclosed-0-familyIncomeNotDisclosed"
                    name="child.family.determinations.0.notDisclosed"
                    type="checkbox"
                    value="familyIncomeNotDisclosed"
                  />
                  <label
                    class="usa-checkbox__label"
                    for="family-income-disclosed-0-familyIncomeNotDisclosed"
                  >
                    Family income not disclosed
                  </label>
                </div>
              </div>
              <div
                class="display-flex"
              >
                <div
                  class="usa-form"
                >
                  <button
                    class="usa-button usa-button--outline"
                    type="button"
                  >
                    Cancel
                  </button>
                  <input
                    class="usa-button"
                    type="submit"
                    value="Save"
                  />
                </div>
              </div>
            </div>
          </form>
        </div>
      </div>
    </div>
  </div>
</DocumentFragment>
`;
