// Jest Snapshot v1, https://goo.gl/fbAQLP

exports[`Roster matches snapshot 1`] = `
<DocumentFragment>
  <div
    class="grid-container"
  />
  <div
    class="grid-container"
  >
    <div
      class="grid-row flex-first-baseline flex-space-between"
    >
      <h1
        class="tablet:grid-col-auto"
      >
        Children's Adventure Center
      </h1>
      <div
        class="tablet:grid-col-auto"
      >
        <a
          class="usa-button margin-right-0"
          href="/roster/sites/1/enroll"
        >
          Enroll child
        </a>
      </div>
    </div>
    <div
      class="grid-row"
    >
      <div
        class="tablet:grid-col-fill"
      >
        <p
          class="intro display-flex flex-row flex-wrap flex-justify-start"
        >
          <span
            class="margin-right-2 flex-auto"
          >
            5 children enrolled.
          </span>
          <button
            class="usa-button usa-button--unstyled"
            type="button"
          >
            Filter for past enrollments
          </button>
        </p>
      </div>
    </div>
    <div
      class="grid-row flex-wrap margin-y-2 grid-gap oec-legend"
    >
      <div
        class="margin-right-1"
      >
        <div
          class="oec-legend__symbol undefined"
        >
          <span
            class="usa-tag position-relative top-neg-2px bg-blue-50v"
          >
            CDC
          </span>
        </div>
        <div
          class="width-fit-content display-inline margin-left-1 "
        >
          <span
            class="text-bold"
          >
            5/0
          </span>
          <span>
             Child Day Care spaces filled
          </span>
        </div>
      </div>
      <div
        class="margin-right-1"
      >
        <div
          class="oec-legend__symbol undefined"
        >
          <span
            class="oec-inline-icon oec-inline-icon--incomplete"
          >
            <svg>
              error.svg
            </svg>
            <span
              class="usa-sr-only"
            >
              (incomplete)
            </span>
          </span>
        </div>
        <div
          class="width-fit-content display-inline margin-left-1 "
        >
          <span
            class="text-bold"
          >
            3
          </span>
          <span>
             missing information
          </span>
        </div>
      </div>
    </div>
    <h2
      class="margin-top-6"
    >
      Preschool (5 children)
    </h2>
    <ul />
    <table
      class="oec-table oec-table--full-width"
      id="Preschool-roster-table"
    >
      <thead>
        <tr>
          <th
            aria-sort="ascending"
            class="oec-table__column-header oec-sortable"
            role="columnheader"
            scope="col"
            style="width: 35%;"
          >
            <button
              aria-label="Sort table by Name in descending order"
              class="oec-table__column-title usa-button--unstyled width-full"
            >
              Name
              <div
                class="oec-table__sort-controls"
              >
                <span
                  class="oec-table__sort-controls__asc active"
                />
                <span
                  class="oec-table__sort-controls__desc"
                />
              </div>
            </button>
          </th>
          <th
            aria-sort="ascending"
            class="oec-table__column-header oec-sortable"
            role="columnheader"
            scope="col"
            style="width: 20%;"
          >
            <button
              aria-label="Sort table by Birthdate in ascending order"
              class="oec-table__column-title usa-button--unstyled width-full"
            >
              Birthdate
              <div
                class="oec-table__sort-controls"
              >
                <span
                  class="oec-table__sort-controls__asc"
                />
                <span
                  class="oec-table__sort-controls__desc"
                />
              </div>
            </button>
          </th>
          <th
            aria-sort="ascending"
            class="oec-table__column-header oec-sortable"
            role="columnheader"
            scope="col"
            style="width: 25%;"
          >
            <button
              aria-label="Sort table by Funding in ascending order"
              class="oec-table__column-title usa-button--unstyled width-full"
            >
              Funding
              <div
                class="oec-table__sort-controls"
              >
                <span
                  class="oec-table__sort-controls__asc"
                />
                <span
                  class="oec-table__sort-controls__desc"
                />
              </div>
            </button>
          </th>
          <th
            aria-sort="ascending"
            class="oec-table__column-header oec-sortable"
            role="columnheader"
            scope="col"
            style="width: 20%;"
          >
            <button
              aria-label="Sort table by Enrollment date in ascending order"
              class="oec-table__column-title usa-button--unstyled width-full"
            >
              Enrollment date
              <div
                class="oec-table__sort-controls"
              >
                <span
                  class="oec-table__sort-controls__asc"
                />
                <span
                  class="oec-table__sort-controls__desc"
                />
              </div>
            </button>
          </th>
        </tr>
      </thead>
      <tbody>
        <tr>
          <th
            scope="row"
          >
            <a
              class="usa-link print"
              href="/roster/sites/1/enrollments/1/"
            >
              Potter, Lily Luna
            </a>
             
          </th>
          <td
            class="oec-table__cell--tabular-nums"
          >
            12/12/2016
          </td>
          <td>
            <span
              class="usa-tag undefined bg-blue-50v"
            >
              CDC–FT
            </span>
          </td>
          <td
            class="oec-table__cell--tabular-nums"
          >
            02/03/2018
          </td>
        </tr>
        <tr>
          <th
            scope="row"
          >
            <a
              class="usa-link print"
              href="/roster/sites/1/enrollments/2/"
            >
              Potter, Lily Luna
            </a>
             
            <span
              class="oec-inline-icon oec-inline-icon--incomplete"
            >
              <svg>
                error.svg
              </svg>
              <span
                class="usa-sr-only"
              >
                (incomplete)
              </span>
            </span>
          </th>
          <td
            class="oec-table__cell--tabular-nums"
          >
            12/12/2016
          </td>
          <td>
            <span
              class="usa-tag undefined bg-blue-50v"
            >
              CDC–FT
            </span>
          </td>
          <td
            class="oec-table__cell--tabular-nums"
          >
            02/03/2018
          </td>
        </tr>
        <tr>
          <th
            scope="row"
          >
            <a
              class="usa-link print"
              href="/roster/sites/1/enrollments/4/"
            >
              Potter, Lily Luna
            </a>
             
            <span
              class="oec-inline-icon oec-inline-icon--incomplete"
            >
              <svg>
                error.svg
              </svg>
              <span
                class="usa-sr-only"
              >
                (incomplete)
              </span>
            </span>
          </th>
          <td
            class="oec-table__cell--tabular-nums"
          >
            12/12/2016
          </td>
          <td>
            <span
              class="usa-tag undefined bg-blue-50v"
            >
              CDC–FT
            </span>
          </td>
          <td
            class="oec-table__cell--tabular-nums"
          >
            02/03/2018
          </td>
        </tr>
        <tr>
          <th
            scope="row"
          >
            <a
              class="usa-link print"
              href="/roster/sites/1/enrollments/5/"
            >
              Potter, Lily Luna
            </a>
             
          </th>
          <td
            class="oec-table__cell--tabular-nums"
          >
            12/12/2016
          </td>
          <td>
            <span
              class="usa-tag undefined bg-blue-50v"
            >
              CDC–FT
            </span>
          </td>
          <td
            class="oec-table__cell--tabular-nums"
          >
            03/01/2019
          </td>
        </tr>
        <tr>
          <th
            scope="row"
          >
            <a
              class="usa-link print"
              href="/roster/sites/1/enrollments/3/"
            >
              Potter, undefined Luna
            </a>
             
            <span
              class="oec-inline-icon oec-inline-icon--incomplete"
            >
              <svg>
                error.svg
              </svg>
              <span
                class="usa-sr-only"
              >
                (incomplete)
              </span>
            </span>
          </th>
          <td
            class="oec-table__cell--tabular-nums"
          >
            12/12/2016
          </td>
          <td>
            <span
              class="usa-tag undefined bg-blue-50v"
            >
              CDC–FT
            </span>
          </td>
          <td
            class="oec-table__cell--tabular-nums"
          >
            02/03/2018
          </td>
        </tr>
      </tbody>
    </table>
  </div>
</DocumentFragment>
`;
