// Jest Snapshot v1, https://goo.gl/fbAQLP

exports[`UtilizationTable matches snapshot 1`] = `
<DocumentFragment>
  <h2
    class="margin-bottom-neg-205"
  >
    Monthly utilization
  </h2>
  <table
    class="oec-table oec-table--full-width"
    id="utilization-table"
  >
    <thead>
      <tr>
        <th
          aria-sort="none"
          class="oec-table__column-header"
          role="columnheader"
          scope="col"
        >
          <span
            class="oec-table__column-title"
          />
        </th>
        <th
          aria-sort="none"
          class="oec-table__column-header"
          role="columnheader"
          scope="col"
        >
          <span
            class="oec-table__column-title"
          >
            Utilization
          </span>
        </th>
        <th
          aria-sort="none"
          class="oec-table__column-header text-right"
          role="columnheader"
          scope="col"
        >
          <span
            class="oec-table__column-title"
          >
            Reimbursement rate
          </span>
        </th>
        <th
          aria-sort="none"
          class="oec-table__column-header text-right"
          role="columnheader"
          scope="col"
        >
          <span
            class="oec-table__column-title"
          >
            Total (4 weeks)
          </span>
        </th>
        <th
          aria-sort="none"
          class="oec-table__column-header text-right"
          role="columnheader"
          scope="col"
        >
          <span
            class="oec-table__column-title"
          >
            Balance
          </span>
        </th>
      </tr>
    </thead>
    <tbody>
      <tr>
        <th>
          <strong>
            Infant/Toddler
          </strong>
           – full time
        </th>
        <td
          class=" oec-table__cell--red"
        >
          0/10 spaces
        </td>
        <td
          class="text-tabular text-right"
        >
          <span>
            $ 
          </span>
          <span
            style="visibility: hidden;"
          />
          169.95
          <span>
             × 4 weeks
          </span>
        </td>
        <td
          class="text-tabular text-right"
        >
          <span>
            $ 
          </span>
          <span
            style="visibility: hidden;"
          >
            00
          </span>
          0.00
        </td>
        <td
          class="oec-table__cell--red text-tabular text-right"
        >
          <div
            class="position-relative one-half-char-right"
          >
            (
            <span>
              $ 
            </span>
            <span
              style="visibility: hidden;"
            >
              0
            </span>
            6,798.00)
          </div>
        </td>
      </tr>
      <tr>
        <th>
          <strong>
            Infant/Toddler
          </strong>
           – part time
        </th>
        <td
          class=" oec-table__cell--red"
        >
          0/10 spaces
        </td>
        <td
          class="text-tabular text-right"
        >
          <span>
            $ 
          </span>
          <span
            style="visibility: hidden;"
          >
            0
          </span>
          59.50
          <span>
             × 4 weeks
          </span>
        </td>
        <td
          class="text-tabular text-right"
        >
          <span>
            $ 
          </span>
          <span
            style="visibility: hidden;"
          >
            00
          </span>
          0.00
        </td>
        <td
          class="oec-table__cell--red text-tabular text-right"
        >
          <div
            class="position-relative one-half-char-right"
          >
            (
            <span>
              $ 
            </span>
            <span
              style="visibility: hidden;"
            >
              0
            </span>
            2,380.00)
          </div>
        </td>
      </tr>
      <tr>
        <th>
          <strong>
            Infant/Toddler
          </strong>
           – split time
        </th>
        <td
          class=" oec-table__cell--red"
        >
          0/10 spaces
        </td>
        <td
          class="text-tabular text-right"
        >
          <span>
            $ 
          </span>
          <span
            style="visibility: hidden;"
          >
            00
          </span>
          0.00
          <span>
             × 4 weeks
          </span>
        </td>
        <td
          class="text-tabular text-right"
        >
          <span>
            $ 
          </span>
          <span
            style="visibility: hidden;"
          >
            00
          </span>
          0.00
        </td>
        <td
          class="text-tabular text-right"
        >
          <div
            class="position-relative"
          >
            <span>
              $ 
            </span>
            <span
              style="visibility: hidden;"
            >
              0000,
            </span>
            0.00
          </div>
        </td>
      </tr>
      <tr>
        <th>
          <strong>
            Preschool
          </strong>
           – full time
        </th>
        <td
          class=" oec-table__cell--red"
        >
          1/10 spaces
        </td>
        <td
          class="text-tabular text-right"
        >
          <span>
            $ 
          </span>
          <span
            style="visibility: hidden;"
          />
          165.32
          <span>
             × 4 weeks
          </span>
        </td>
        <td
          class="text-tabular text-right"
        >
          <span>
            $ 
          </span>
          <span
            style="visibility: hidden;"
          />
          661.28
        </td>
        <td
          class="oec-table__cell--red text-tabular text-right"
        >
          <div
            class="position-relative one-half-char-right"
          >
            (
            <span>
              $ 
            </span>
            <span
              style="visibility: hidden;"
            >
              0
            </span>
            5,951.52)
          </div>
        </td>
      </tr>
      <tr>
        <th>
          <strong>
            Preschool
          </strong>
           – part time
        </th>
        <td
          class=" oec-table__cell--red"
        >
          0/10 spaces
        </td>
        <td
          class="text-tabular text-right"
        >
          <span>
            $ 
          </span>
          <span
            style="visibility: hidden;"
          >
            0
          </span>
          57.85
          <span>
             × 4 weeks
          </span>
        </td>
        <td
          class="text-tabular text-right"
        >
          <span>
            $ 
          </span>
          <span
            style="visibility: hidden;"
          >
            00
          </span>
          0.00
        </td>
        <td
          class="oec-table__cell--red text-tabular text-right"
        >
          <div
            class="position-relative one-half-char-right"
          >
            (
            <span>
              $ 
            </span>
            <span
              style="visibility: hidden;"
            >
              0
            </span>
            2,314.00)
          </div>
        </td>
      </tr>
      <tr>
        <th>
          <strong>
            School-age
          </strong>
           – full time
        </th>
        <td
          class=" oec-table__cell--red"
        >
          0/10 spaces
        </td>
        <td
          class="text-tabular text-right"
        >
          <span>
            $ 
          </span>
          <span
            style="visibility: hidden;"
          />
          113.20
          <span>
             × 4 weeks
          </span>
        </td>
        <td
          class="text-tabular text-right"
        >
          <span>
            $ 
          </span>
          <span
            style="visibility: hidden;"
          >
            00
          </span>
          0.00
        </td>
        <td
          class="oec-table__cell--red text-tabular text-right"
        >
          <div
            class="position-relative one-half-char-right"
          >
            (
            <span>
              $ 
            </span>
            <span
              style="visibility: hidden;"
            >
              0
            </span>
            4,528.00)
          </div>
        </td>
      </tr>
      <tr>
        <th>
          <strong>
            School-age
          </strong>
           – part time
        </th>
        <td
          class=" oec-table__cell--red"
        >
          0/10 spaces
        </td>
        <td
          class="text-tabular text-right"
        >
          <span>
            $ 
          </span>
          <span
            style="visibility: hidden;"
          >
            0
          </span>
          54.80
          <span>
             × 4 weeks
          </span>
        </td>
        <td
          class="text-tabular text-right"
        >
          <span>
            $ 
          </span>
          <span
            style="visibility: hidden;"
          >
            00
          </span>
          0.00
        </td>
        <td
          class="oec-table__cell--red text-tabular text-right"
        >
          <div
            class="position-relative one-half-char-right"
          >
            (
            <span>
              $ 
            </span>
            <span
              style="visibility: hidden;"
            >
              0
            </span>
            2,192.00)
          </div>
        </td>
      </tr>
      <tr>
        <th>
          <strong>
            Total
          </strong>
        </th>
        <td
          class="oec-table__cell--strong oec-table__cell--red"
        >
          1/70 spaces
        </td>
        <td
          class="text-tabular text-right"
        />
        <td
          class="oec-table__cell--strong text-tabular text-right"
        >
          <span>
            $ 
          </span>
          <span
            style="visibility: hidden;"
          />
          661.28
        </td>
        <td
          class="oec-table__cell--strong oec-table__cell--red text-tabular text-right"
        >
          <div
            class="position-relative one-half-char-right"
          >
            (
            <span>
              $ 
            </span>
            <span
              style="visibility: hidden;"
            />
            24,163.52)
          </div>
        </td>
      </tr>
    </tbody>
  </table>
</DocumentFragment>
`;
