// Jest Snapshot v1, https://goo.gl/fbAQLP

exports[`Roster matches snapshot 1`] = `"<div class=\\"grid-container\\"></div><div class=\\"grid-container\\"><h1>Reports</h1><section><h2 class=\\"margin-top-4\\">Pending reports</h2><table id=\\"pending-reports-table\\" class=\\"oec-table oec-table--full-width\\"><thead><tr><th scope=\\"col\\" class=\\"oec-table__column-header oec-sortable\\" role=\\"columnheader\\" aria-sort=\\"descending\\"><button class=\\"oec-table__column-title usa-button--unstyled width-full\\" aria-label=\\"Sort table by Period in ascending order\\">Period<div class=\\"oec-table__sort-controls\\"><span class=\\"oec-table__sort-controls__asc\\"></span><span class=\\"oec-table__sort-controls__desc active\\"></span></div></button></th><th scope=\\"col\\" class=\\"oec-table__column-header oec-sortable\\" role=\\"columnheader\\" aria-sort=\\"descending\\"><button class=\\"oec-table__column-title usa-button--unstyled width-full\\" aria-label=\\"Sort table by Type in ascending order\\">Type<div class=\\"oec-table__sort-controls\\"><span class=\\"oec-table__sort-controls__asc\\"></span><span class=\\"oec-table__sort-controls__desc\\"></span></div></button></th><th scope=\\"col\\" class=\\"oec-table__column-header oec-sortable\\" role=\\"columnheader\\" aria-sort=\\"descending\\"><button class=\\"oec-table__column-title usa-button--unstyled width-full\\" aria-label=\\"Sort table by Program/Site in ascending order\\">Program/Site<div class=\\"oec-table__sort-controls\\"><span class=\\"oec-table__sort-controls__asc\\"></span><span class=\\"oec-table__sort-controls__desc\\"></span></div></button></th><th scope=\\"col\\" class=\\"oec-table__column-header oec-sortable\\" role=\\"columnheader\\" aria-sort=\\"descending\\"><button class=\\"oec-table__column-title usa-button--unstyled width-full\\" aria-label=\\"Sort table by Due date in ascending order\\">Due date<div class=\\"oec-table__sort-controls\\"><span class=\\"oec-table__sort-controls__asc\\"></span><span class=\\"oec-table__sort-controls__desc\\"></span></div></button></th></tr></thead><tbody><tr><th scope=\\"row\\"><a class=\\"usa-link\\" href=\\"/reports/2\\">September 2019</a></th><td>CDC</td><td>Children's Adventure Center</td><td class=\\"oec-table__cell--tabular-nums oec-table__cell--gray\\">10/15/2019</td></tr></tbody></table></section><section><h2 class=\\"margin-top-6\\">Submitted reports</h2><table id=\\"submitted-reports-table\\" class=\\"oec-table oec-table--full-width\\"><thead><tr><th scope=\\"col\\" class=\\"oec-table__column-header oec-sortable\\" role=\\"columnheader\\" aria-sort=\\"descending\\"><button class=\\"oec-table__column-title usa-button--unstyled width-full\\" aria-label=\\"Sort table by Period in ascending order\\">Period<div class=\\"oec-table__sort-controls\\"><span class=\\"oec-table__sort-controls__asc\\"></span><span class=\\"oec-table__sort-controls__desc active\\"></span></div></button></th><th scope=\\"col\\" class=\\"oec-table__column-header oec-sortable\\" role=\\"columnheader\\" aria-sort=\\"descending\\"><button class=\\"oec-table__column-title usa-button--unstyled width-full\\" aria-label=\\"Sort table by Type in ascending order\\">Type<div class=\\"oec-table__sort-controls\\"><span class=\\"oec-table__sort-controls__asc\\"></span><span class=\\"oec-table__sort-controls__desc\\"></span></div></button></th><th scope=\\"col\\" class=\\"oec-table__column-header oec-sortable\\" role=\\"columnheader\\" aria-sort=\\"descending\\"><button class=\\"oec-table__column-title usa-button--unstyled width-full\\" aria-label=\\"Sort table by Program/Site in ascending order\\">Program/Site<div class=\\"oec-table__sort-controls\\"><span class=\\"oec-table__sort-controls__asc\\"></span><span class=\\"oec-table__sort-controls__desc\\"></span></div></button></th><th scope=\\"col\\" class=\\"oec-table__column-header oec-sortable\\" role=\\"columnheader\\" aria-sort=\\"descending\\"><button class=\\"oec-table__column-title usa-button--unstyled width-full\\" aria-label=\\"Sort table by Date submitted in ascending order\\">Date submitted<div class=\\"oec-table__sort-controls\\"><span class=\\"oec-table__sort-controls__asc\\"></span><span class=\\"oec-table__sort-controls__desc\\"></span></div></button></th></tr></thead><tbody><tr><th scope=\\"row\\"><a class=\\"usa-link\\" href=\\"/reports/1\\">August 2019</a></th><td>CDC</td><td>Children's Adventure Center</td><td class=\\"oec-table__cell--tabular-nums\\">09/09/2019</td></tr></tbody></table></section></div>"`;
