// Jest Snapshot v1, https://goo.gl/fbAQLP

exports[`Roster matches snapshot 1`] = `"<div class=\\"Reports\\"><section class=\\"grid-container\\"><h1>Reports</h1><table id=\\"reports-table\\" class=\\"oec-table oec-table--full-width\\"><thead><tr><th scope=\\"col\\" class=\\"oec-table__column-header oec-sortable\\"><span class=\\"oec-table__column-title\\">Period</span><div class=\\"oec-table__sort-controls\\"><input id=\\"reports-table-col0-asc\\" name=\\"reports-table-column-0-sort\\" type=\\"checkbox\\" value=\\"asc\\"><label class=\\"oec-table__sort-controls__asc\\" for=\\"reports-table-col0-asc\\"><span>Sort ascending</span></label><input id=\\"reports-table-col0-desc\\" name=\\"reports-table-column-0-sort\\" type=\\"checkbox\\" value=\\"desc\\" checked=\\"\\"><label class=\\"oec-table__sort-controls__desc\\" for=\\"reports-table-col0-desc\\"><span>Sort descending</span></label></div></th><th scope=\\"col\\" class=\\"oec-table__column-header oec-sortable\\"><span class=\\"oec-table__column-title\\">Type</span><div class=\\"oec-table__sort-controls\\"><input id=\\"reports-table-col1-asc\\" name=\\"reports-table-column-1-sort\\" type=\\"checkbox\\" value=\\"asc\\"><label class=\\"oec-table__sort-controls__asc\\" for=\\"reports-table-col1-asc\\"><span>Sort ascending</span></label><input id=\\"reports-table-col1-desc\\" name=\\"reports-table-column-1-sort\\" type=\\"checkbox\\" value=\\"desc\\"><label class=\\"oec-table__sort-controls__desc\\" for=\\"reports-table-col1-desc\\"><span>Sort descending</span></label></div></th><th scope=\\"col\\" class=\\"oec-table__column-header oec-sortable\\"><span class=\\"oec-table__column-title\\">Program/Site</span><div class=\\"oec-table__sort-controls\\"><input id=\\"reports-table-col2-asc\\" name=\\"reports-table-column-2-sort\\" type=\\"checkbox\\" value=\\"asc\\"><label class=\\"oec-table__sort-controls__asc\\" for=\\"reports-table-col2-asc\\"><span>Sort ascending</span></label><input id=\\"reports-table-col2-desc\\" name=\\"reports-table-column-2-sort\\" type=\\"checkbox\\" value=\\"desc\\"><label class=\\"oec-table__sort-controls__desc\\" for=\\"reports-table-col2-desc\\"><span>Sort descending</span></label></div></th><th scope=\\"col\\" class=\\"oec-table__column-header oec-sortable\\"><span class=\\"oec-table__column-title\\">Date submitted</span><div class=\\"oec-table__sort-controls\\"><input id=\\"reports-table-col3-asc\\" name=\\"reports-table-column-3-sort\\" type=\\"checkbox\\" value=\\"asc\\"><label class=\\"oec-table__sort-controls__asc\\" for=\\"reports-table-col3-asc\\"><span>Sort ascending</span></label><input id=\\"reports-table-col3-desc\\" name=\\"reports-table-column-3-sort\\" type=\\"checkbox\\" value=\\"desc\\"><label class=\\"oec-table__sort-controls__desc\\" for=\\"reports-table-col3-desc\\"><span>Sort descending</span></label></div></th></tr></thead><tbody><tr><th scope=\\"row\\"><a class=\\"usa-link\\" href=\\"/reports/2\\">September 2019</a>&nbsp;<span class=\\"oec-inline-icon oec-inline-icon--attentionNeeded\\"><svg>error.svg</svg><span class=\\"usa-sr-only\\">(attention needed)</span></span></th><td>CDC</td><td>Children's Adventure Center</td><td class=\\"oec-table__cell--gray\\">due 10/15/2019</td></tr><tr><th scope=\\"row\\"><a class=\\"usa-link\\" href=\\"/reports/1\\">August 2019</a>&nbsp;</th><td>CDC</td><td>Children's Adventure Center</td><td class=\\"oec-table__cell--tabular-nums\\">09/09/2019</td></tr></tbody></table></section></div>"`;
