// Jest Snapshot v1, https://goo.gl/fbAQLP

exports[`Withdrawal matches snapshot 1`] = `
<DocumentFragment>
  <div
    class="Withdrawal"
  />
</DocumentFragment>
`;
