// Jest Snapshot v1, https://goo.gl/fbAQLP

exports[`matches snapshot 1`] = `
<DocumentFragment>
  <div
    class="oec-card"
  >
    <div
      class="oec-card-cell"
    >
      <p>
        Hi there
      </p>
    </div>
    <div
      class=""
    />
    <div
      class="oec-card-cell oec-card-expansion"
      hidden=""
    />
  </div>
</DocumentFragment>
`;
