// Jest Snapshot v1, https://goo.gl/fbAQLP

exports[`UtilizationTable matches snapshot 1`] = `"<h2 class=\\"margin-bottom-neg-205\\">Monthly utilization</h2><table id=\\"utilization-table\\" class=\\"oec-table oec-table--full-width\\"><thead><tr><th scope=\\"col\\" class=\\"oec-table__column-header\\" role=\\"columnheader\\" aria-sort=\\"none\\"><span class=\\"oec-table__column-title\\"></span></th><th scope=\\"col\\" class=\\"oec-table__column-header\\" role=\\"columnheader\\" aria-sort=\\"none\\"><span class=\\"oec-table__column-title\\">Utilization</span></th><th scope=\\"col\\" class=\\"oec-table__column-header\\" role=\\"columnheader\\" aria-sort=\\"none\\"><span class=\\"oec-table__column-title\\">Weekly rate</span></th><th scope=\\"col\\" class=\\"oec-table__column-header\\" role=\\"columnheader\\" aria-sort=\\"none\\"><span class=\\"oec-table__column-title\\">Total (4 weeks)</span></th><th scope=\\"col\\" class=\\"oec-table__column-header\\" role=\\"columnheader\\" aria-sort=\\"none\\"><span class=\\"oec-table__column-title\\">Balance</span></th></tr></thead><tbody><tr><th><strong>Preschool</strong> â€“ full time</th><td class=\\" oec-table__cell--red\\">1/2 spaces</td><td>$165.32</td><td class=\\"\\">$661.28</td><td class=\\" oec-table__cell--red\\">($661.28)</td></tr><tr><th><strong>Total</strong></th><td class=\\"oec-table__cell--strong oec-table__cell--red\\">1/2 spaces</td><td></td><td class=\\"oec-table__cell--strong\\">$661.28</td><td class=\\"oec-table__cell--strong oec-table__cell--red\\">($661.28)</td></tr></tbody></table>"`;
